WARNING  azure.ai.evaluation._common._experimental:_experimental.py:79 Class IntentResolutionEvaluator: This is an experimental class, and may change at any time. Please see https://aka.ms/azuremlexperimental for more information.
WARNING  evaluators.builtin.intent_resolution.evaluator._intent_resolution:utils.py:575 Conversation history could not be parsed, falling back to original query: Can you send me an email to your_email@example.com with weather information for Seattle?
WARNING  evaluators.builtin.intent_resolution.evaluator._intent_resolution:utils.py:575 Conversation history could not be parsed, falling back to original query: [{"user": "Can you send me an email to your_email@example.com with weather information for Seattle?"}]
WARNING  evaluators.builtin.intent_resolution.evaluator._intent_resolution:utils.py:575 Conversation history could not be parsed, falling back to original query: [{'role': 'system', 'content': [{'type': 'input_text', 'text': 'Can you send me an email to your_email@example.com with weather information for Seattle?'}]}]
WARNING  evaluators.builtin.intent_resolution.evaluator._intent_resolution:utils.py:575 Conversation history could not be parsed, falling back to original query: [{'role': 'invalid_role', 'content': [{'type': 'input_text', 'text': 'Can you send me an email to your_email@example.com with weather information for Seattle?'}]}]
WARNING  evaluators.builtin.intent_resolution.evaluator._intent_resolution:utils.py:575 Conversation history could not be parsed, falling back to original query: [{'role': 'user', 'content': 'Can you send me an email to your_email@example.com with weather information for Seattle?'}]
WARNING  evaluators.builtin.intent_resolution.evaluator._intent_resolution:utils.py:629 Empty agent response extracted, likely due to input schema change. Falling back to using the original response: I have successfully sent you an email with the weather information for Seattle. The current weather is rainy with a temperature of 14°C.
WARNING  evaluators.builtin.intent_resolution.evaluator._intent_resolution:utils.py:629 Empty agent response extracted, likely due to input schema change. Falling back to using the original response: [{"tool_call": [{"name": "fetch_weather", "arguments": {"location": "Seattle"}}]}, {"tool_result": {"weather": "Rainy, 14\u00b0C"}}, {"tool_call": [{"name": "send_email", "arguments": {"recipient": "your_email@example.com", "subject": "Weather Information for Seattle", "body": "The current weather in Seattle is rainy with a temperature of 14\u00b0C."}}]}, {"tool_result": {"message": "Email successfully sent to your_email@example.com."}}, {"assistant": "I have successfully sent you an email with the weather information for Seattle.                 The current weather is rainy with a temperature of 14\u00b0C."}]
WARNING  evaluators.builtin.intent_resolution.evaluator._intent_resolution:utils.py:629 Empty agent response extracted, likely due to input schema change. Falling back to using the original response: [{'role': 'assistant', 'content': [{'type': 'tool_call', 'tool_call_id': 'call_1', 'name': 'fetch_weather', 'arguments': {'location': 'Seattle'}, 'tool_result': {'weather': 'Rainy, 14°C'}}]}, {'tool_call_id': 'call_1', 'role': 'tool', 'content': [{'type': 'tool_result', 'tool_result': {'weather': 'Rainy, 14°C'}}]}, {'role': 'assistant', 'content': [{'type': 'tool_call', 'tool_call_id': 'call_2', 'name': 'send_email', 'arguments': {'recipient': 'your_email@example.com', 'subject': 'Weather Information for Seattle', 'body': 'The current weather in Seattle is rainy with a temperature of 14°C.'}, 'tool_result': {'message': 'Email successfully sent to your_email@example.com.'}}]}, {'tool_call_id': 'call_2', 'role': 'tool', 'content': [{'type': 'tool_result', 'tool_result': {'message': 'Email successfully sent to your_email@example.com.'}}]}, {'role': 'assistant', 'content': 'I have successfully sent you an email with the weather information for Seattle. The current weather is rainy with a temperature of 14°C.'}]
WARNING  evaluators.builtin.relevance.evaluator._relevance:utils.py:575 Conversation history could not be parsed, falling back to original query: [{'role': 'system', 'content': [{'type': 'input_text', 'text': 'Can you send me an email to your_email@example.com with weather information for Seattle?'}]}]
WARNING  evaluators.builtin.relevance.evaluator._relevance:utils.py:575 Conversation history could not be parsed, falling back to original query: [{'role': 'invalid_role', 'content': [{'type': 'input_text', 'text': 'Can you send me an email to your_email@example.com with weather information for Seattle?'}]}]
WARNING  evaluators.builtin.relevance.evaluator._relevance:utils.py:575 Conversation history could not be parsed, falling back to original query: [{'role': 'user', 'content': 'Can you send me an email to your_email@example.com with weather information for Seattle?'}]
WARNING  evaluators.builtin.relevance.evaluator._relevance:utils.py:629 Empty agent response extracted, likely due to input schema change. Falling back to using the original response: [{'role': 'assistant', 'content': [{'type': 'tool_call', 'tool_call_id': 'call_1', 'name': 'fetch_weather', 'arguments': {'location': 'Seattle'}, 'tool_result': {'weather': 'Rainy, 14°C'}}]}, {'tool_call_id': 'call_1', 'role': 'tool', 'content': [{'type': 'tool_result', 'tool_result': {'weather': 'Rainy, 14°C'}}]}, {'role': 'assistant', 'content': [{'type': 'tool_call', 'tool_call_id': 'call_2', 'name': 'send_email', 'arguments': {'recipient': 'your_email@example.com', 'subject': 'Weather Information for Seattle', 'body': 'The current weather in Seattle is rainy with a temperature of 14°C.'}, 'tool_result': {'message': 'Email successfully sent to your_email@example.com.'}}]}, {'tool_call_id': 'call_2', 'role': 'tool', 'content': [{'type': 'tool_result', 'tool_result': {'message': 'Email successfully sent to your_email@example.com.'}}]}, {'role': 'assistant', 'content': 'I have successfully sent you an email with the weather information for Seattle. The current weather is rainy with a temperature of 14°C.'}]
WARNING  azure.ai.evaluation._common._experimental:_experimental.py:79 Class ResponseCompletenessEvaluator: This is an experimental class, and may change at any time. Please see https://aka.ms/azuremlexperimental for more information.
WARNING  azure.ai.evaluation._common._experimental:_experimental.py:79 Class TaskAdherenceEvaluator: This is an experimental class, and may change at any time. Please see https://aka.ms/azuremlexperimental for more information.
WARNING  evaluators.builtin.task_adherence.evaluator._task_adherence:utils.py:575 Conversation history could not be parsed, falling back to original query: Can you send me an email to your_email@example.com with weather information for Seattle?
WARNING  evaluators.builtin.task_adherence.evaluator._task_adherence:utils.py:575 Conversation history could not be parsed, falling back to original query: [{"user": "Can you send me an email to your_email@example.com with weather information for Seattle?"}]
WARNING  evaluators.builtin.task_adherence.evaluator._task_adherence:utils.py:575 Conversation history could not be parsed, falling back to original query: [{'role': 'system', 'content': [{'type': 'input_text', 'text': 'Can you send me an email to your_email@example.com with weather information for Seattle?'}]}]
WARNING  evaluators.builtin.task_adherence.evaluator._task_adherence:utils.py:575 Conversation history could not be parsed, falling back to original query: [{'role': 'invalid_role', 'content': [{'type': 'input_text', 'text': 'Can you send me an email to your_email@example.com with weather information for Seattle?'}]}]
WARNING  evaluators.builtin.task_adherence.evaluator._task_adherence:utils.py:575 Conversation history could not be parsed, falling back to original query: [{'role': 'user', 'content': 'Can you send me an email to your_email@example.com with weather information for Seattle?'}]
WARNING  evaluators.builtin.task_adherence.evaluator._task_adherence:utils.py:638 Agent response could not be parsed, falling back to original response: I have successfully sent you an email with the weather information for Seattle. The current weather is rainy with a temperature of 14°C.
WARNING  evaluators.builtin.task_adherence.evaluator._task_adherence:utils.py:638 Agent response could not be parsed, falling back to original response: [{"tool_call": [{"name": "fetch_weather", "arguments": {"location": "Seattle"}}]}, {"tool_result": {"weather": "Rainy, 14\u00b0C"}}, {"tool_call": [{"name": "send_email", "arguments": {"recipient": "your_email@example.com", "subject": "Weather Information for Seattle", "body": "The current weather in Seattle is rainy with a temperature of 14\u00b0C."}}]}, {"tool_result": {"message": "Email successfully sent to your_email@example.com."}}, {"assistant": "I have successfully sent you an email with the weather information for Seattle.                 The current weather is rainy with a temperature of 14\u00b0C."}]
WARNING  evaluators.builtin.task_adherence.evaluator._task_adherence:utils.py:638 Agent response could not be parsed, falling back to original response: [{'role': 'assistant', 'content': [{'type': 'tool_call', 'tool_call_id': 'call_1', 'name': 'fetch_weather', 'arguments': {'location': 'Seattle'}, 'tool_result': {'weather': 'Rainy, 14°C'}}]}, {'tool_call_id': 'call_1', 'role': 'tool', 'content': [{'type': 'tool_result', 'tool_result': {'weather': 'Rainy, 14°C'}}]}, {'role': 'assistant', 'content': [{'type': 'tool_call', 'tool_call_id': 'call_2', 'name': 'send_email', 'arguments': {'recipient': 'your_email@example.com', 'subject': 'Weather Information for Seattle', 'body': 'The current weather in Seattle is rainy with a temperature of 14°C.'}, 'tool_result': {'message': 'Email successfully sent to your_email@example.com.'}}]}, {'tool_call_id': 'call_2', 'role': 'tool', 'content': [{'type': 'tool_result', 'tool_result': {'message': 'Email successfully sent to your_email@example.com.'}}]}, {'role': 'assistant', 'content': 'I have successfully sent you an email with the weather information for Seattle. The current weather is rainy with a temperature of 14°C.'}]
WARNING  azure.ai.evaluation._common._experimental:_experimental.py:79 Class TaskCompletionEvaluator: This is an experimental class, and may change at any time. Please see https://aka.ms/azuremlexperimental for more information.
WARNING  evaluators.builtin.task_completion.evaluator._task_completion:utils.py:575 Conversation history could not be parsed, falling back to original query: Can you send me an email to your_email@example.com with weather information for Seattle?
WARNING  evaluators.builtin.task_completion.evaluator._task_completion:utils.py:575 Conversation history could not be parsed, falling back to original query: [{"user": "Can you send me an email to your_email@example.com with weather information for Seattle?"}]
WARNING  evaluators.builtin.task_completion.evaluator._task_completion:utils.py:575 Conversation history could not be parsed, falling back to original query: [{'role': 'system', 'content': [{'type': 'input_text', 'text': 'Can you send me an email to your_email@example.com with weather information for Seattle?'}]}]
WARNING  evaluators.builtin.task_completion.evaluator._task_completion:utils.py:575 Conversation history could not be parsed, falling back to original query: [{'role': 'invalid_role', 'content': [{'type': 'input_text', 'text': 'Can you send me an email to your_email@example.com with weather information for Seattle?'}]}]
WARNING  evaluators.builtin.task_completion.evaluator._task_completion:utils.py:575 Conversation history could not be parsed, falling back to original query: [{'role': 'user', 'content': 'Can you send me an email to your_email@example.com with weather information for Seattle?'}]
WARNING  evaluators.builtin.task_completion.evaluator._task_completion:utils.py:638 Agent response could not be parsed, falling back to original response: I have successfully sent you an email with the weather information for Seattle. The current weather is rainy with a temperature of 14°C.
WARNING  evaluators.builtin.task_completion.evaluator._task_completion:utils.py:638 Agent response could not be parsed, falling back to original response: [{"tool_call": [{"name": "fetch_weather", "arguments": {"location": "Seattle"}}]}, {"tool_result": {"weather": "Rainy, 14\u00b0C"}}, {"tool_call": [{"name": "send_email", "arguments": {"recipient": "your_email@example.com", "subject": "Weather Information for Seattle", "body": "The current weather in Seattle is rainy with a temperature of 14\u00b0C."}}]}, {"tool_result": {"message": "Email successfully sent to your_email@example.com."}}, {"assistant": "I have successfully sent you an email with the weather information for Seattle.                 The current weather is rainy with a temperature of 14\u00b0C."}]
WARNING  evaluators.builtin.task_completion.evaluator._task_completion:utils.py:638 Agent response could not be parsed, falling back to original response: [{'role': 'assistant', 'content': [{'type': 'tool_call', 'tool_call_id': 'call_1', 'name': 'fetch_weather', 'arguments': {'location': 'Seattle'}, 'tool_result': {'weather': 'Rainy, 14°C'}}]}, {'tool_call_id': 'call_1', 'role': 'tool', 'content': [{'type': 'tool_result', 'tool_result': {'weather': 'Rainy, 14°C'}}]}, {'role': 'assistant', 'content': [{'type': 'tool_call', 'tool_call_id': 'call_2', 'name': 'send_email', 'arguments': {'recipient': 'your_email@example.com', 'subject': 'Weather Information for Seattle', 'body': 'The current weather in Seattle is rainy with a temperature of 14°C.'}, 'tool_result': {'message': 'Email successfully sent to your_email@example.com.'}}]}, {'tool_call_id': 'call_2', 'role': 'tool', 'content': [{'type': 'tool_result', 'tool_result': {'message': 'Email successfully sent to your_email@example.com.'}}]}, {'role': 'assistant', 'content': 'I have successfully sent you an email with the weather information for Seattle. The current weather is rainy with a temperature of 14°C.'}]
WARNING  evaluators.builtin.task_completion.evaluator._task_completion:utils.py:656 Tool definitions could not be parsed, falling back to original definitions: [{"fetch_weather": {"description": "Fetches the weather information for the specified location.", "parameters": {"type": "object", "properties": {"location": {"type": "string"}}}}}, {"send_email": {"description": "Sends an email.", "parameters": {"type": "object", "properties": {"recipient": {"type": "string"}, "subject": {"type": "string"}, "body": {"type": "string"}}}}}]
WARNING  evaluators.builtin.task_completion.evaluator._task_completion:utils.py:656 Tool definitions could not be parsed, falling back to original definitions: [{"fetch_weather": {"description": "Fetches the weather information for the specified location.", "parameters": {"type": "object", "properties": {"location": {"type": "string"}}}}}, {"send_email": {"description": "Sends an email.", "parameters": {"type": "object", "properties": {"recipient": {"type": "string"}, "subject": {"type": "string"}, "body": {"type": "string"}}}}}]
WARNING  azure.ai.evaluation._common._experimental:_experimental.py:79 Class TaskNavigationEfficiencyEvaluator: This is an experimental class, and may change at any time. Please see https://aka.ms/azuremlexperimental for more information.
WARNING  azure.ai.evaluation._common._experimental:_experimental.py:79 Class ToolCallAccuracyEvaluator: This is an experimental class, and may change at any time. Please see https://aka.ms/azuremlexperimental for more information.
WARNING  azure.ai.evaluation._common._experimental:_experimental.py:79 Class ToolCallSuccessEvaluator: This is an experimental class, and may change at any time. Please see https://aka.ms/azuremlexperimental for more information.
WARNING  evaluators.builtin.tool_call_success.evaluator._tool_call_success:_tool_call_success.py:603 Empty agent response extracted, likely due to input schema change. Falling back to using the original response: [{'tool_call_id': 'call_1', 'role': 'tool', 'content': [{'type': 'tool_result', 'tool_result': {'weather': 'Rainy, 14°C'}}]}, {'tool_call_id': 'call_2', 'role': 'tool', 'content': [{'type': 'tool_result', 'tool_result': {'message': 'Email successfully sent to your_email@example.com.'}}]}]
WARNING  evaluators.builtin.tool_call_success.evaluator._tool_call_success:_tool_call_success.py:615 Agent response could not be parsed, falling back to original response: [{'role': 'assistant', 'content': [{'type': 'tool_call', 'tool_call_id': 'call_1', 'name': 'fetch_weather', 'arguments': {'location': 'Seattle'}, 'tool_result': {'weather': 'Rainy, 14°C'}}]}, {'tool_call_id': 'call_1', 'role': 'tool', 'content': [{'type': 'tool_result', 'tool_result': {'weather': 'Rainy, 14°C'}}]}, {'role': 'assistant', 'content': [{'type': 'tool_call', 'tool_call_id': 'call_2', 'name': 'send_email', 'arguments': {'recipient': 'your_email@example.com', 'subject': 'Weather Information for Seattle', 'body': 'The current weather in Seattle is rainy with a temperature of 14°C.'}, 'tool_result': {'message': 'Email successfully sent to your_email@example.com.'}}]}, {'tool_call_id': 'call_2', 'role': 'tool', 'content': [{'type': 'tool_result', 'tool_result': {'message': 'Email successfully sent to your_email@example.com.'}}]}, {'role': 'assistant', 'content': 'I have successfully sent you an email with the weather information for Seattle. The current weather is rainy with a temperature of 14°C.'}]
WARNING  evaluators.builtin.tool_call_success.evaluator._tool_call_success:_tool_call_success.py:543 Failed to filter tool definitions, returning original list. Error: 'str' object has no attribute 'get'
WARNING  evaluators.builtin.tool_call_success.evaluator._tool_call_success:_tool_call_success.py:543 Failed to filter tool definitions, returning original list. Error: 'NoneType' object is not iterable
WARNING  evaluators.builtin.tool_call_success.evaluator._tool_call_success:_tool_call_success.py:634 Tool definitions could not be parsed, falling back to original definitions: None
WARNING  evaluators.builtin.tool_call_success.evaluator._tool_call_success:_tool_call_success.py:537 No tool definitions matched the tools used in the messages. Returning original list.
WARNING  azure.ai.evaluation._common._experimental:_experimental.py:79 Class ToolInputAccuracyEvaluator: This is an experimental class, and may change at any time. Please see https://aka.ms/azuremlexperimental for more information.
WARNING  evaluators.builtin.tool_input_accuracy.evaluator._tool_input_accuracy:_tool_input_accuracy.py:582 Conversation history could not be parsed, falling back to original query: Can you send me an email to your_email@example.com with weather information for Seattle?
WARNING  evaluators.builtin.tool_input_accuracy.evaluator._tool_input_accuracy:_tool_input_accuracy.py:582 Conversation history could not be parsed, falling back to original query: [{"user": "Can you send me an email to your_email@example.com with weather information for Seattle?"}]
WARNING  evaluators.builtin.tool_input_accuracy.evaluator._tool_input_accuracy:_tool_input_accuracy.py:582 Conversation history could not be parsed, falling back to original query: [{'role': 'system', 'content': [{'type': 'input_text', 'text': 'Can you send me an email to your_email@example.com with weather information for Seattle?'}]}]
WARNING  evaluators.builtin.tool_input_accuracy.evaluator._tool_input_accuracy:_tool_input_accuracy.py:582 Conversation history could not be parsed, falling back to original query: [{'role': 'invalid_role', 'content': [{'type': 'input_text', 'text': 'Can you send me an email to your_email@example.com with weather information for Seattle?'}]}]
WARNING  evaluators.builtin.tool_input_accuracy.evaluator._tool_input_accuracy:_tool_input_accuracy.py:582 Conversation history could not be parsed, falling back to original query: [{'role': 'user', 'content': 'Can you send me an email to your_email@example.com with weather information for Seattle?'}]
WARNING  azure.ai.evaluation._common._experimental:_experimental.py:79 Class ToolOutputUtilizationEvaluator: This is an experimental class, and may change at any time. Please see https://aka.ms/azuremlexperimental for more information.
WARNING  evaluators.builtin.tool_output_utilization.evaluator._tool_output_utilization:_tool_output_utilization.py:453 Conversation history could not be parsed, falling back to original query: [{'role': 'system', 'content': [{'type': 'input_text', 'text': 'Can you send me an email to your_email@example.com with weather information for Seattle?'}]}]
WARNING  evaluators.builtin.tool_output_utilization.evaluator._tool_output_utilization:_tool_output_utilization.py:453 Conversation history could not be parsed, falling back to original query: [{'role': 'invalid_role', 'content': [{'type': 'input_text', 'text': 'Can you send me an email to your_email@example.com with weather information for Seattle?'}]}]
WARNING  evaluators.builtin.tool_output_utilization.evaluator._tool_output_utilization:_tool_output_utilization.py:453 Conversation history could not be parsed, falling back to original query: [{'role': 'user', 'content': 'Can you send me an email to your_email@example.com with weather information for Seattle?'}]
WARNING  evaluators.builtin.tool_output_utilization.evaluator._tool_output_utilization:_tool_output_utilization.py:344 Failed to filter tool definitions, returning original list. Error: 'str' object has no attribute 'get'
WARNING  evaluators.builtin.tool_output_utilization.evaluator._tool_output_utilization:_tool_output_utilization.py:531 Agent response could not be parsed, falling back to original response. Error: 'str' object has no attribute 'get'
WARNING  evaluators.builtin.tool_output_utilization.evaluator._tool_output_utilization:_tool_output_utilization.py:344 Failed to filter tool definitions, returning original list. Error: 'NoneType' object is not iterable
WARNING  evaluators.builtin.tool_output_utilization.evaluator._tool_output_utilization:_tool_output_utilization.py:559 Tool definitions could not be parsed, falling back to original definitions: None. Error: 'NoneType' object is not iterable
WARNING  evaluators.builtin.tool_output_utilization.evaluator._tool_output_utilization:_tool_output_utilization.py:338 No tool definitions matched the tools used in the messages. Returning original list.
WARNING  azure.ai.evaluation._common._experimental:_experimental.py:79 Class ToolSelectionEvaluator: This is an experimental class, and may change at any time. Please see https://aka.ms/azuremlexperimental for more information.
WARNING  evaluators.builtin.tool_selection.evaluator._tool_selection:_tool_selection.py:671 Conversation history could not be parsed, falling back to original query: Can you send me an email to your_email@example.com with weather information for Seattle?
WARNING  evaluators.builtin.tool_selection.evaluator._tool_selection:_tool_selection.py:671 Conversation history could not be parsed, falling back to original query: [{"user": "Can you send me an email to your_email@example.com with weather information for Seattle?"}]
WARNING  evaluators.builtin.tool_selection.evaluator._tool_selection:_tool_selection.py:671 Conversation history could not be parsed, falling back to original query: [{'role': 'system', 'content': [{'type': 'input_text', 'text': 'Can you send me an email to your_email@example.com with weather information for Seattle?'}]}]
WARNING  evaluators.builtin.tool_selection.evaluator._tool_selection:_tool_selection.py:671 Conversation history could not be parsed, falling back to original query: [{'role': 'invalid_role', 'content': [{'type': 'input_text', 'text': 'Can you send me an email to your_email@example.com with weather information for Seattle?'}]}]
WARNING  evaluators.builtin.tool_selection.evaluator._tool_selection:_tool_selection.py:671 Conversation history could not be parsed, falling back to original query: [{'role': 'user', 'content': 'Can you send me an email to your_email@example.com with weather information for Seattle?'}]
